// Jest Snapshot v1, https://goo.gl/fbAQLP

exports[`Login Login component renders without crashing 1`] = `ShallowWrapper {}`;
